[    4250ms] [WARNING] ⚠️ GA config not found in dataLayer @ https://rider-staging.trackmyshuttle.com/_next/static/chunks/pages/_app-7fb23a2103fb49c6.js:97
[   23885ms] [WARNING] As of February 21st, 2024, google.maps.Marker is deprecated. Please use google.maps.marker.AdvancedMarkerElement instead. At this time, google.maps.Marker is not scheduled to be discontinued, but google.maps.marker.AdvancedMarkerElement is recommended over google.maps.Marker. While google.maps.Marker will continue to receive bug fixes for any major regressions, existing bugs in google.maps.Marker will not be addressed. At least 12 months notice will be given before support is discontinued. Please see https://developers.google.com/maps/deprecations for additional details and https://developers.google.com/maps/documentation/javascript/advanced-markers/migration for the migration guide. @ https://maps.googleapis.com/maps-api-v3/api/js/65/6a/intl/en_gb/main.js:409
[   72130ms] [ERROR] Failed to parse pricing_config: SyntaxError: Unexpected end of JSON input
    at JSON.parse (<anonymous>)
    at eC (https://rider-staging.trackmyshuttle.com/_next/static/chunks/pages/a/%5BorgId%5D/location-e0c41b0234df8467.js:1:47516)
    at ak (https://rider-staging.trackmyshuttle.com/_next/static/chunks/framework-71ec6113e450d384.js:9:60903)
    at i (https://rider-staging.trackmyshuttle.com/_next/static/chunks/framework-71ec6113e450d384.js:9:119424)
    at oD (https://rider-staging.trackmyshuttle.com/_next/static/chunks/framework-71ec6113e450d384.js:9:99077)
    at https://rider-staging.trackmyshuttle.com/_next/static/chunks/framework-71ec6113e450d384.js:9:98944
    at oO (https://rider-staging.trackmyshuttle.com/_next/static/chunks/framework-71ec6113e450d384.js:9:98951)
    at oP (https://rider-staging.trackmyshuttle.com/_next/static/chunks/framework-71ec6113e450d384.js:9:96037)
    at r8 (https://rider-staging.trackmyshuttle.com/_next/static/chunks/framework-71ec6113e450d384.js:9:44813)
    at https://rider-staging.trackmyshuttle.com/_next/static/chunks/framework-71ec6113e450d384.js:9:93603 @ https://rider-staging.trackmyshuttle.com/_next/static/chunks/pages/a/%5BorgId%5D/location-e0c41b0234df8467.js:0
[   72138ms] [ERROR] Failed to parse pricing_config: SyntaxError: Unexpected end of JSON input
    at JSON.parse (<anonymous>)
    at eC (https://rider-staging.trackmyshuttle.com/_next/static/chunks/pages/a/%5BorgId%5D/location-e0c41b0234df8467.js:1:47516)
    at ak (https://rider-staging.trackmyshuttle.com/_next/static/chunks/framework-71ec6113e450d384.js:9:60903)
    at up (https://rider-staging.trackmyshuttle.com/_next/static/chunks/framework-71ec6113e450d384.js:9:72785)
    at i (https://rider-staging.trackmyshuttle.com/_next/static/chunks/framework-71ec6113e450d384.js:9:120321)
    at oD (https://rider-staging.trackmyshuttle.com/_next/static/chunks/framework-71ec6113e450d384.js:9:99077)
    at https://rider-staging.trackmyshuttle.com/_next/static/chunks/framework-71ec6113e450d384.js:9:98944
    at oO (https://rider-staging.trackmyshuttle.com/_next/static/chunks/framework-71ec6113e450d384.js:9:98951)
    at oE (https://rider-staging.trackmyshuttle.com/_next/static/chunks/framework-71ec6113e450d384.js:9:93990)
    at E (https://rider-staging.trackmyshuttle.com/_next/static/chunks/framework-71ec6113e450d384.js:33:1364) @ https://rider-staging.trackmyshuttle.com/_next/static/chunks/pages/a/%5BorgId%5D/location-e0c41b0234df8467.js:0
[   72143ms] [ERROR] Failed to parse pricing_config: SyntaxError: Unexpected end of JSON input
    at JSON.parse (<anonymous>)
    at eC (https://rider-staging.trackmyshuttle.com/_next/static/chunks/pages/a/%5BorgId%5D/location-e0c41b0234df8467.js:1:47516)
    at ak (https://rider-staging.trackmyshuttle.com/_next/static/chunks/framework-71ec6113e450d384.js:9:60903)
    at up (https://rider-staging.trackmyshuttle.com/_next/static/chunks/framework-71ec6113e450d384.js:9:72785)
    at i (https://rider-staging.trackmyshuttle.com/_next/static/chunks/framework-71ec6113e450d384.js:9:120321)
    at oD (https://rider-staging.trackmyshuttle.com/_next/static/chunks/framework-71ec6113e450d384.js:9:99077)
    at https://rider-staging.trackmyshuttle.com/_next/static/chunks/framework-71ec6113e450d384.js:9:98944
    at oO (https://rider-staging.trackmyshuttle.com/_next/static/chunks/framework-71ec6113e450d384.js:9:98951)
    at oE (https://rider-staging.trackmyshuttle.com/_next/static/chunks/framework-71ec6113e450d384.js:9:93990)
    at E (https://rider-staging.trackmyshuttle.com/_next/static/chunks/framework-71ec6113e450d384.js:33:1364) @ https://rider-staging.trackmyshuttle.com/_next/static/chunks/pages/a/%5BorgId%5D/location-e0c41b0234df8467.js:0
[   87277ms] [ERROR] Failed to parse pricing_config: SyntaxError: Unexpected end of JSON input
    at JSON.parse (<anonymous>)
    at eC (https://rider-staging.trackmyshuttle.com/_next/static/chunks/pages/a/%5BorgId%5D/location-e0c41b0234df8467.js:1:47516)
    at ak (https://rider-staging.trackmyshuttle.com/_next/static/chunks/framework-71ec6113e450d384.js:9:60903)
    at up (https://rider-staging.trackmyshuttle.com/_next/static/chunks/framework-71ec6113e450d384.js:9:72785)
    at i (https://rider-staging.trackmyshuttle.com/_next/static/chunks/framework-71ec6113e450d384.js:9:120321)
    at oD (https://rider-staging.trackmyshuttle.com/_next/static/chunks/framework-71ec6113e450d384.js:9:99077)
    at https://rider-staging.trackmyshuttle.com/_next/static/chunks/framework-71ec6113e450d384.js:9:98944
    at oO (https://rider-staging.trackmyshuttle.com/_next/static/chunks/framework-71ec6113e450d384.js:9:98951)
    at oP (https://rider-staging.trackmyshuttle.com/_next/static/chunks/framework-71ec6113e450d384.js:9:96037)
    at r8 (https://rider-staging.trackmyshuttle.com/_next/static/chunks/framework-71ec6113e450d384.js:9:44813) @ https://rider-staging.trackmyshuttle.com/_next/static/chunks/pages/a/%5BorgId%5D/location-e0c41b0234df8467.js:0
[   92395ms] [ERROR] Failed to parse pricing_config: SyntaxError: Unexpected end of JSON input
    at JSON.parse (<anonymous>)
    at eC (https://rider-staging.trackmyshuttle.com/_next/static/chunks/pages/a/%5BorgId%5D/location-e0c41b0234df8467.js:1:47516)
    at ak (https://rider-staging.trackmyshuttle.com/_next/static/chunks/framework-71ec6113e450d384.js:9:60903)
    at up (https://rider-staging.trackmyshuttle.com/_next/static/chunks/framework-71ec6113e450d384.js:9:72785)
    at i (https://rider-staging.trackmyshuttle.com/_next/static/chunks/framework-71ec6113e450d384.js:9:120321)
    at oD (https://rider-staging.trackmyshuttle.com/_next/static/chunks/framework-71ec6113e450d384.js:9:99077)
    at https://rider-staging.trackmyshuttle.com/_next/static/chunks/framework-71ec6113e450d384.js:9:98944
    at oO (https://rider-staging.trackmyshuttle.com/_next/static/chunks/framework-71ec6113e450d384.js:9:98951)
    at oP (https://rider-staging.trackmyshuttle.com/_next/static/chunks/framework-71ec6113e450d384.js:9:96037)
    at r8 (https://rider-staging.trackmyshuttle.com/_next/static/chunks/framework-71ec6113e450d384.js:9:44813) @ https://rider-staging.trackmyshuttle.com/_next/static/chunks/pages/a/%5BorgId%5D/location-e0c41b0234df8467.js:0
[   99659ms] [ERROR] Failed to parse pricing_config: SyntaxError: Unexpected end of JSON input
    at JSON.parse (<anonymous>)
    at eC (https://rider-staging.trackmyshuttle.com/_next/static/chunks/pages/a/%5BorgId%5D/location-e0c41b0234df8467.js:1:47516)
    at ak (https://rider-staging.trackmyshuttle.com/_next/static/chunks/framework-71ec6113e450d384.js:9:60903)
    at up (https://rider-staging.trackmyshuttle.com/_next/static/chunks/framework-71ec6113e450d384.js:9:72785)
    at i (https://rider-staging.trackmyshuttle.com/_next/static/chunks/framework-71ec6113e450d384.js:9:120321)
    at oD (https://rider-staging.trackmyshuttle.com/_next/static/chunks/framework-71ec6113e450d384.js:9:99077)
    at https://rider-staging.trackmyshuttle.com/_next/static/chunks/framework-71ec6113e450d384.js:9:98944
    at oO (https://rider-staging.trackmyshuttle.com/_next/static/chunks/framework-71ec6113e450d384.js:9:98951)
    at oP (https://rider-staging.trackmyshuttle.com/_next/static/chunks/framework-71ec6113e450d384.js:9:96037)
    at r8 (https://rider-staging.trackmyshuttle.com/_next/static/chunks/framework-71ec6113e450d384.js:9:44813) @ https://rider-staging.trackmyshuttle.com/_next/static/chunks/pages/a/%5BorgId%5D/location-e0c41b0234df8467.js:0
[  103713ms] [ERROR] Failed to parse pricing_config: SyntaxError: Unexpected end of JSON input
    at JSON.parse (<anonymous>)
    at eC (https://rider-staging.trackmyshuttle.com/_next/static/chunks/pages/a/%5BorgId%5D/location-e0c41b0234df8467.js:1:47516)
    at ak (https://rider-staging.trackmyshuttle.com/_next/static/chunks/framework-71ec6113e450d384.js:9:60903)
    at up (https://rider-staging.trackmyshuttle.com/_next/static/chunks/framework-71ec6113e450d384.js:9:72785)
    at i (https://rider-staging.trackmyshuttle.com/_next/static/chunks/framework-71ec6113e450d384.js:9:120321)
    at oD (https://rider-staging.trackmyshuttle.com/_next/static/chunks/framework-71ec6113e450d384.js:9:99077)
    at https://rider-staging.trackmyshuttle.com/_next/static/chunks/framework-71ec6113e450d384.js:9:98944
    at oO (https://rider-staging.trackmyshuttle.com/_next/static/chunks/framework-71ec6113e450d384.js:9:98951)
    at oP (https://rider-staging.trackmyshuttle.com/_next/static/chunks/framework-71ec6113e450d384.js:9:96037)
    at r8 (https://rider-staging.trackmyshuttle.com/_next/static/chunks/framework-71ec6113e450d384.js:9:44813) @ https://rider-staging.trackmyshuttle.com/_next/static/chunks/pages/a/%5BorgId%5D/location-e0c41b0234df8467.js:0
[  107430ms] [LOG] undefined @ https://rider-staging.trackmyshuttle.com/_next/static/chunks/pages/a/%5BorgId%5D/location-e0c41b0234df8467.js:0
[  107430ms] [LOG] 8676913831 @ https://rider-staging.trackmyshuttle.com/_next/static/chunks/pages/a/%5BorgId%5D/location-e0c41b0234df8467.js:0
[  107430ms] [ERROR] Failed to parse pricing_config: SyntaxError: Unexpected end of JSON input
    at JSON.parse (<anonymous>)
    at eC (https://rider-staging.trackmyshuttle.com/_next/static/chunks/pages/a/%5BorgId%5D/location-e0c41b0234df8467.js:1:47516)
    at ak (https://rider-staging.trackmyshuttle.com/_next/static/chunks/framework-71ec6113e450d384.js:9:60903)
    at up (https://rider-staging.trackmyshuttle.com/_next/static/chunks/framework-71ec6113e450d384.js:9:72785)
    at i (https://rider-staging.trackmyshuttle.com/_next/static/chunks/framework-71ec6113e450d384.js:9:120321)
    at oD (https://rider-staging.trackmyshuttle.com/_next/static/chunks/framework-71ec6113e450d384.js:9:99077)
    at https://rider-staging.trackmyshuttle.com/_next/static/chunks/framework-71ec6113e450d384.js:9:98944
    at oO (https://rider-staging.trackmyshuttle.com/_next/static/chunks/framework-71ec6113e450d384.js:9:98951)
    at oP (https://rider-staging.trackmyshuttle.com/_next/static/chunks/framework-71ec6113e450d384.js:9:96037)
    at r8 (https://rider-staging.trackmyshuttle.com/_next/static/chunks/framework-71ec6113e450d384.js:9:44813) @ https://rider-staging.trackmyshuttle.com/_next/static/chunks/pages/a/%5BorgId%5D/location-e0c41b0234df8467.js:0
[  108673ms] [ERROR] Failed to parse pricing_config: SyntaxError: Unexpected end of JSON input
    at JSON.parse (<anonymous>)
    at eC (https://rider-staging.trackmyshuttle.com/_next/static/chunks/pages/a/%5BorgId%5D/location-e0c41b0234df8467.js:1:47516)
    at ak (https://rider-staging.trackmyshuttle.com/_next/static/chunks/framework-71ec6113e450d384.js:9:60903)
    at up (https://rider-staging.trackmyshuttle.com/_next/static/chunks/framework-71ec6113e450d384.js:9:72785)
    at i (https://rider-staging.trackmyshuttle.com/_next/static/chunks/framework-71ec6113e450d384.js:9:120321)
    at oD (https://rider-staging.trackmyshuttle.com/_next/static/chunks/framework-71ec6113e450d384.js:9:99077)
    at https://rider-staging.trackmyshuttle.com/_next/static/chunks/framework-71ec6113e450d384.js:9:98944
    at oO (https://rider-staging.trackmyshuttle.com/_next/static/chunks/framework-71ec6113e450d384.js:9:98951)
    at oE (https://rider-staging.trackmyshuttle.com/_next/static/chunks/framework-71ec6113e450d384.js:9:93990)
    at E (https://rider-staging.trackmyshuttle.com/_next/static/chunks/framework-71ec6113e450d384.js:33:1364) @ https://rider-staging.trackmyshuttle.com/_next/static/chunks/pages/a/%5BorgId%5D/location-e0c41b0234df8467.js:0
[  110033ms] [WARNING] ⚠️ GA config not found in dataLayer @ https://rider-staging.trackmyshuttle.com/_next/static/chunks/pages/_app-7fb23a2103fb49c6.js:97
[  110043ms] [LOG] [OrgSocket] Connecting with org_key: 2086b3834b22faa308346c67ae40bc37 URL: https://riderapi-staging.trackmyshuttle.com @ https://rider-staging.trackmyshuttle.com/_next/static/chunks/pages/j/%5BrideCode%5D/s-39f6b49c6d146965.js:0
[  110062ms] [WARNING] Element with name "gmp-internal-loading-text" already defined. @ https://maps.googleapis.com/maps-api-v3/api/js/65/6a/intl/en_gb/main.js:214
[  110062ms] [WARNING] Element with name "gmp-internal-request-error-text" already defined. @ https://maps.googleapis.com/maps-api-v3/api/js/65/6a/intl/en_gb/main.js:214
[  110063ms] [WARNING] Element with name "gmp-internal-back-button" already defined. @ https://maps.googleapis.com/maps-api-v3/api/js/65/6a/intl/en_gb/main.js:214
[  110063ms] [WARNING] Element with name "gmp-internal-dialog" already defined. @ https://maps.googleapis.com/maps-api-v3/api/js/65/6a/intl/en_gb/main.js:214
[  110063ms] [WARNING] Element with name "gmp-internal-disclosure" already defined. @ https://maps.googleapis.com/maps-api-v3/api/js/65/6a/intl/en_gb/main.js:214
[  110063ms] [WARNING] Element with name "gmp-internal-disclosure-section" already defined. @ https://maps.googleapis.com/maps-api-v3/api/js/65/6a/intl/en_gb/main.js:214
[  110063ms] [WARNING] Element with name "gmp-internal-attribution" already defined. @ https://maps.googleapis.com/maps-api-v3/api/js/65/6a/intl/en_gb/main.js:214
[  110064ms] [WARNING] Element with name "gmp-internal-element-support-verification" already defined. @ https://maps.googleapis.com/maps-api-v3/api/js/65/6a/intl/en_gb/main.js:214
[  110072ms] [WARNING] Element with name "gmp-pin" already defined. @ https://maps.googleapis.com/maps-api-v3/api/js/65/6a/intl/en_gb/main.js:214
[  110074ms] [WARNING] Element with name "gmp-internal-camera-control" already defined. @ https://maps.googleapis.com/maps-api-v3/api/js/65/6a/intl/en_gb/main.js:214
[  110080ms] [WARNING] Element with name "gmp-internal-rating" already defined. @ https://maps.googleapis.com/maps-api-v3/api/js/65/6a/intl/en_gb/main.js:214
[  110081ms] [WARNING] Element with name "gmp-place-all-content" already defined. @ https://maps.googleapis.com/maps-api-v3/api/js/65/6a/intl/en_gb/main.js:214
[  110081ms] [WARNING] Element with name "gmp-internal-link-button" already defined. @ https://maps.googleapis.com/maps-api-v3/api/js/65/6a/intl/en_gb/main.js:214
[  110081ms] [WARNING] Element with name "gmp-internal-menu" already defined. @ https://maps.googleapis.com/maps-api-v3/api/js/65/6a/intl/en_gb/main.js:214
[  110081ms] [WARNING] Element with name "gmp-internal-place-opening-hours" already defined. @ https://maps.googleapis.com/maps-api-v3/api/js/65/6a/intl/en_gb/main.js:214
[  110082ms] [WARNING] Element with name "gmp-internal-place-review" already defined. @ https://maps.googleapis.com/maps-api-v3/api/js/65/6a/intl/en_gb/main.js:214
[  110082ms] [WARNING] Element with name "gmp-internal-tabbed-layout" already defined. @ https://maps.googleapis.com/maps-api-v3/api/js/65/6a/intl/en_gb/main.js:214
[  110082ms] [WARNING] Element with name "gmp-internal-lightbox" already defined. @ https://maps.googleapis.com/maps-api-v3/api/js/65/6a/intl/en_gb/main.js:214
[  110082ms] [WARNING] Element with name "gmp-internal-collage" already defined. @ https://maps.googleapis.com/maps-api-v3/api/js/65/6a/intl/en_gb/main.js:214
[  110082ms] [WARNING] Element with name "gmp-internal-popular-times-histogram" already defined. @ https://maps.googleapis.com/maps-api-v3/api/js/65/6a/intl/en_gb/main.js:214
[  110082ms] [WARNING] Element with name "gmp-internal-selection-button" already defined. @ https://maps.googleapis.com/maps-api-v3/api/js/65/6a/intl/en_gb/main.js:214
[  110082ms] [WARNING] Element with name "gmp-internal-place-popular-times" already defined. @ https://maps.googleapis.com/maps-api-v3/api/js/65/6a/intl/en_gb/main.js:214
[  110082ms] [WARNING] Element with name "gmp-internal-place-rating-summary" already defined. @ https://maps.googleapis.com/maps-api-v3/api/js/65/6a/intl/en_gb/main.js:214
[  110082ms] [WARNING] Element with name "gmp-place-content-config" already defined. @ https://maps.googleapis.com/maps-api-v3/api/js/65/6a/intl/en_gb/main.js:214
[  110082ms] [WARNING] Element with name "gmp-place-standard-content" already defined. @ https://maps.googleapis.com/maps-api-v3/api/js/65/6a/intl/en_gb/main.js:214
[  110082ms] [WARNING] Element with name "gmp-internal-place-transit-line" already defined. @ https://maps.googleapis.com/maps-api-v3/api/js/65/6a/intl/en_gb/main.js:214
[  110082ms] [WARNING] Element with name "gmp-internal-place-transit-type" already defined. @ https://maps.googleapis.com/maps-api-v3/api/js/65/6a/intl/en_gb/main.js:214
[  110082ms] [WARNING] Element with name "gmp-internal-place-transit" already defined. @ https://maps.googleapis.com/maps-api-v3/api/js/65/6a/intl/en_gb/main.js:214
[  110083ms] [WARNING] Element with name "gmp-internal-place-basic-info" already defined. @ https://maps.googleapis.com/maps-api-v3/api/js/65/6a/intl/en_gb/main.js:214
[  110083ms] [WARNING] Element with name "gmp-place-details-location-request" already defined. @ https://maps.googleapis.com/maps-api-v3/api/js/65/6a/intl/en_gb/main.js:214
[  110083ms] [WARNING] Element with name "gmp-place-details-place-request" already defined. @ https://maps.googleapis.com/maps-api-v3/api/js/65/6a/intl/en_gb/main.js:214
[  110083ms] [WARNING] Element with name "gmp-internal-circular-loader" already defined. @ https://maps.googleapis.com/maps-api-v3/api/js/65/6a/intl/en_gb/main.js:214
[  110083ms] [WARNING] Element with name "gmp-place-details-compact" already defined. @ https://maps.googleapis.com/maps-api-v3/api/js/65/6a/intl/en_gb/main.js:214
[  110083ms] [WARNING] Element with name "gmp-place-details" already defined. @ https://maps.googleapis.com/maps-api-v3/api/js/65/6a/intl/en_gb/main.js:214
[  110083ms] [WARNING] Element with name "gmp-internal-use-2d-map-place-details-compact" already defined. @ https://maps.googleapis.com/maps-api-v3/api/js/65/6a/intl/en_gb/main.js:214
[  110083ms] [WARNING] Element with name "gmp-place-media" already defined. @ https://maps.googleapis.com/maps-api-v3/api/js/65/6a/intl/en_gb/main.js:214
[  110083ms] [WARNING] Element with name "gmp-place-address" already defined. @ https://maps.googleapis.com/maps-api-v3/api/js/65/6a/intl/en_gb/main.js:214
[  110083ms] [WARNING] Element with name "gmp-place-rating" already defined. @ https://maps.googleapis.com/maps-api-v3/api/js/65/6a/intl/en_gb/main.js:214
[  110083ms] [WARNING] Element with name "gmp-place-type" already defined. @ https://maps.googleapis.com/maps-api-v3/api/js/65/6a/intl/en_gb/main.js:214
[  110083ms] [WARNING] Element with name "gmp-place-price" already defined. @ https://maps.googleapis.com/maps-api-v3/api/js/65/6a/intl/en_gb/main.js:214
[  110084ms] [WARNING] Element with name "gmp-place-accessible-entrance-icon" already defined. @ https://maps.googleapis.com/maps-api-v3/api/js/65/6a/intl/en_gb/main.js:214
[  110084ms] [WARNING] Element with name "gmp-place-open-now-status" already defined. @ https://maps.googleapis.com/maps-api-v3/api/js/65/6a/intl/en_gb/main.js:214
[  110084ms] [WARNING] Element with name "gmp-place-attribution" already defined. @ https://maps.googleapis.com/maps-api-v3/api/js/65/6a/intl/en_gb/main.js:214
[  110084ms] [WARNING] Element with name "gmp-place-website" already defined. @ https://maps.googleapis.com/maps-api-v3/api/js/65/6a/intl/en_gb/main.js:214
[  110084ms] [WARNING] Element with name "gmp-place-phone-number" already defined. @ https://maps.googleapis.com/maps-api-v3/api/js/65/6a/intl/en_gb/main.js:214
[  110084ms] [WARNING] Element with name "gmp-place-opening-hours" already defined. @ https://maps.googleapis.com/maps-api-v3/api/js/65/6a/intl/en_gb/main.js:214
[  110084ms] [WARNING] Element with name "gmp-place-summary" already defined. @ https://maps.googleapis.com/maps-api-v3/api/js/65/6a/intl/en_gb/main.js:214
[  110084ms] [WARNING] Element with name "gmp-place-type-specific-highlights" already defined. @ https://maps.googleapis.com/maps-api-v3/api/js/65/6a/intl/en_gb/main.js:214
[  110084ms] [WARNING] Element with name "gmp-place-review-summary" already defined. @ https://maps.googleapis.com/maps-api-v3/api/js/65/6a/intl/en_gb/main.js:214
[  110084ms] [WARNING] Element with name "gmp-place-reviews" already defined. @ https://maps.googleapis.com/maps-api-v3/api/js/65/6a/intl/en_gb/main.js:214
[  110084ms] [WARNING] Element with name "gmp-place-plus-code" already defined. @ https://maps.googleapis.com/maps-api-v3/api/js/65/6a/intl/en_gb/main.js:214
[  110084ms] [WARNING] Element with name "gmp-place-feature-list" already defined. @ https://maps.googleapis.com/maps-api-v3/api/js/65/6a/intl/en_gb/main.js:214
[  110084ms] [WARNING] Element with name "gmp-internal-use-place-details-compact" already defined. @ https://maps.googleapis.com/maps-api-v3/api/js/65/6a/intl/en_gb/main.js:214
[  110084ms] [WARNING] Element with name "gmp-internal-place-carousel" already defined. @ https://maps.googleapis.com/maps-api-v3/api/js/65/6a/intl/en_gb/main.js:214
[  110084ms] [WARNING] Element with name "gmp-internal-place-search-list-item" already defined. @ https://maps.googleapis.com/maps-api-v3/api/js/65/6a/intl/en_gb/main.js:214
[  110085ms] [WARNING] Element with name "gmp-place-nearby-search-request" already defined. @ https://maps.googleapis.com/maps-api-v3/api/js/65/6a/intl/en_gb/main.js:214
[  110085ms] [WARNING] Element with name "gmp-place-text-search-request" already defined. @ https://maps.googleapis.com/maps-api-v3/api/js/65/6a/intl/en_gb/main.js:214
[  110085ms] [WARNING] Element with name "gmp-place-search" already defined. @ https://maps.googleapis.com/maps-api-v3/api/js/65/6a/intl/en_gb/main.js:214
[  110085ms] [WARNING] Element with name "gmp-map" already defined. @ https://maps.googleapis.com/maps-api-v3/api/js/65/6a/intl/en_gb/main.js:214
[  110086ms] [WARNING] Element with name "gmp-place-autocomplete" already defined. @ https://maps.googleapis.com/maps-api-v3/api/js/65/6a/intl/en_gb/main.js:214
[  110086ms] [WARNING] Element with name "gmp-basic-place-autocomplete" already defined. @ https://maps.googleapis.com/maps-api-v3/api/js/65/6a/intl/en_gb/main.js:214
[  110090ms] [WARNING] As of February 21st, 2024, google.maps.Marker is deprecated. Please use google.maps.marker.AdvancedMarkerElement instead. At this time, google.maps.Marker is not scheduled to be discontinued, but google.maps.marker.AdvancedMarkerElement is recommended over google.maps.Marker. While google.maps.Marker will continue to receive bug fixes for any major regressions, existing bugs in google.maps.Marker will not be addressed. At least 12 months notice will be given before support is discontinued. Please see https://developers.google.com/maps/deprecations for additional details and https://developers.google.com/maps/documentation/javascript/advanced-markers/migration for the migration guide. @ https://maps.googleapis.com/maps-api-v3/api/js/65/6a/intl/en_gb/main.js:409
[  110096ms] [WARNING] Element with name "gmp-internal-use-am" already defined. @ https://maps.googleapis.com/maps-api-v3/api/js/65/6a/intl/en_gb/main.js:214
[  111725ms] [LOG] [OrgSocket] Connected successfully, socket id: 7HVPvMFKk31aaGmFAAB_ @ https://rider-staging.trackmyshuttle.com/_next/static/chunks/pages/j/%5BrideCode%5D/s-39f6b49c6d146965.js:0
